--- parse tree ---
[ Code
    "typ/compiler/break-continue-00.typ"
    ( line 1 , column 2 )
    (Let
       (BasicBind (Just (Identifier "test")))
       (FuncExpr
          [ NormalParam (Identifier "x") , NormalParam (Identifier "y") ]
          (Block
             (CodeBlock
                [ If
                    [ ( Equals (Ident (Identifier "x")) (Ident (Identifier "y"))
                      , Block (Content [ Text "\9989" ])
                      )
                    , ( Literal (Boolean True)
                      , Block
                          (Content
                             [ Text "\10060"
                             , Text "("
                             , Code
                                 "typ/compiler/break-continue-00.typ"
                                 ( line 1 , column 47 )
                                 (FuncCall
                                    (Ident (Identifier "repr"))
                                    [ NormalArg (Ident (Identifier "x")) ])
                             , Space
                             , Text "/"
                             , Text "="
                             , Space
                             , Code
                                 "typ/compiler/break-continue-00.typ"
                                 ( line 1 , column 59 )
                                 (FuncCall
                                    (Ident (Identifier "repr"))
                                    [ NormalArg (Ident (Identifier "y")) ])
                             , Text ")"
                             ])
                      )
                    ]
                ]))))
, SoftBreak
, Comment
, SoftBreak
, Code
    "typ/compiler/break-continue-00.typ"
    ( line 4 , column 2 )
    (Let (BasicBind (Just (Identifier "var"))) (Literal (Int 0)))
, SoftBreak
, Code
    "typ/compiler/break-continue-00.typ"
    ( line 5 , column 2 )
    (Let
       (BasicBind (Just (Identifier "error"))) (Literal (Boolean False)))
, ParBreak
, Code
    "typ/compiler/break-continue-00.typ"
    ( line 7 , column 2 )
    (For
       (BasicBind (Just (Identifier "i")))
       (FuncCall
          (Ident (Identifier "range")) [ NormalArg (Literal (Int 10)) ])
       (Block
          (CodeBlock
             [ Assign
                 (Ident (Identifier "var"))
                 (Plus (Ident (Identifier "var")) (Ident (Identifier "i")))
             , If
                 [ ( GreaterThan (Ident (Identifier "i")) (Literal (Int 5))
                   , Block
                       (CodeBlock
                          [ Break
                          , Assign (Ident (Identifier "error")) (Literal (Boolean True))
                          ])
                   )
                 ]
             ])))
, ParBreak
, Code
    "typ/compiler/break-continue-00.typ"
    ( line 15 , column 2 )
    (FuncCall
       (Ident (Identifier "test"))
       [ NormalArg (Ident (Identifier "var"))
       , NormalArg (Literal (Int 21))
       ])
, SoftBreak
, Code
    "typ/compiler/break-continue-00.typ"
    ( line 16 , column 2 )
    (FuncCall
       (Ident (Identifier "test"))
       [ NormalArg (Ident (Identifier "error"))
       , NormalArg (Literal (Boolean False))
       ])
, ParBreak
]
--- evaluated ---
document(body: { text(body: [
]), 
                 text(body: [
]), 
                 text(body: [
]), 
                 parbreak(), 
                 parbreak(), 
                 text(body: [✅]), 
                 text(body: [
]), 
                 text(body: [✅]), 
                 parbreak() })
