--- parse tree ---
[ Code
    "typ/compiler/label-04.typ"
    ( line 1 , column 2 )
    (Let
       (BasicBind (Just (Identifier "test")))
       (FuncExpr
          [ NormalParam (Identifier "x") , NormalParam (Identifier "y") ]
          (Block
             (CodeBlock
                [ If
                    [ ( Equals (Ident (Identifier "x")) (Ident (Identifier "y"))
                      , Block (Content [ Text "\9989" ])
                      )
                    , ( Literal (Boolean True)
                      , Block
                          (Content
                             [ Text "\10060"
                             , Text "("
                             , Code
                                 "typ/compiler/label-04.typ"
                                 ( line 1 , column 47 )
                                 (FuncCall
                                    (Ident (Identifier "repr"))
                                    [ NormalArg (Ident (Identifier "x")) ])
                             , Space
                             , Text "/"
                             , Text "="
                             , Space
                             , Code
                                 "typ/compiler/label-04.typ"
                                 ( line 1 , column 59 )
                                 (FuncCall
                                    (Ident (Identifier "repr"))
                                    [ NormalArg (Ident (Identifier "y")) ])
                             , Text ")"
                             ])
                      )
                    ]
                ]))))
, SoftBreak
, Comment
, Code
    "typ/compiler/label-04.typ"
    ( line 3 , column 2 )
    (Show (Just (Label "hide")) (Literal None))
, ParBreak
, Emph [ Text "Hidden" ]
, SoftBreak
, Code
    "typ/compiler/label-04.typ" ( line 6 , column 1 ) (Label "hide")
, ParBreak
, Emph [ Text "Hidden" ]
, ParBreak
, Code
    "typ/compiler/label-04.typ" ( line 10 , column 1 ) (Label "hide")
, SoftBreak
, Emph [ Text "Visible" ]
, ParBreak
]
--- evaluated ---
document(body: { text(body: [
]), 
                 parbreak(), 
                 emph(body: text(body: [Hidden])), 
                 text(body: [
]), 
                 <hide>, 
                 parbreak(), 
                 emph(body: text(body: [Hidden])), 
                 parbreak(), 
                 <hide>, 
                 text(body: [
]), 
                 emph(body: text(body: [Visible])), 
                 parbreak() })
