--- parse tree ---
[ Code
    "typ/compiler/shorthand-01.typ"
    ( line 1 , column 2 )
    (Let
       (BasicBind (Just (Identifier "test")))
       (FuncExpr
          [ NormalParam (Identifier "x") , NormalParam (Identifier "y") ]
          (Block
             (CodeBlock
                [ If
                    [ ( Equals (Ident (Identifier "x")) (Ident (Identifier "y"))
                      , Block (Content [ Text "\9989" ])
                      )
                    , ( Literal (Boolean True)
                      , Block
                          (Content
                             [ Text "\10060"
                             , Text "("
                             , Code
                                 "typ/compiler/shorthand-01.typ"
                                 ( line 1 , column 47 )
                                 (FuncCall
                                    (Ident (Identifier "repr"))
                                    [ NormalArg (Ident (Identifier "x")) ])
                             , Space
                             , Text "/"
                             , Text "="
                             , Space
                             , Code
                                 "typ/compiler/shorthand-01.typ"
                                 ( line 1 , column 59 )
                                 (FuncCall
                                    (Ident (Identifier "repr"))
                                    [ NormalArg (Ident (Identifier "y")) ])
                             , Text ")"
                             ])
                      )
                    ]
                ]))))
, SoftBreak
, Comment
, Comment
, Comment
, Code
    "typ/compiler/shorthand-01.typ"
    ( line 5 , column 2 )
    (Set
       (Ident (Identifier "text"))
       [ KeyValArg
           (Identifier "font") (Literal (String "New Computer Modern"))
       ])
, SoftBreak
, Text "a"
, Space
, Text "b"
, Space
, HardBreak
, Text "a"
, Nbsp
, Text "b"
, ParBreak
]
--- evaluated ---
document(body: { text(body: [
]), 
                 text(body: [
a b ], 
                      font: "New Computer Modern"), 
                 linebreak(), 
                 text(body: [aÂ b], 
                      font: "New Computer Modern"), 
                 parbreak() })
