--- parse tree ---
[ Code
    "typ/visualize/image-01.typ"
    ( line 1 , column 2 )
    (Let
       (BasicBind (Just (Identifier "test")))
       (FuncExpr
          [ NormalParam (Identifier "x") , NormalParam (Identifier "y") ]
          (Block
             (CodeBlock
                [ If
                    [ ( Equals (Ident (Identifier "x")) (Ident (Identifier "y"))
                      , Block (Content [ Text "\9989" ])
                      )
                    , ( Literal (Boolean True)
                      , Block
                          (Content
                             [ Text "\10060"
                             , Text "("
                             , Code
                                 "typ/visualize/image-01.typ"
                                 ( line 1 , column 47 )
                                 (FuncCall
                                    (Ident (Identifier "repr"))
                                    [ NormalArg (Ident (Identifier "x")) ])
                             , Space
                             , Text "/"
                             , Text "="
                             , Space
                             , Code
                                 "typ/visualize/image-01.typ"
                                 ( line 1 , column 59 )
                                 (FuncCall
                                    (Ident (Identifier "repr"))
                                    [ NormalArg (Ident (Identifier "y")) ])
                             , Text ")"
                             ])
                      )
                    ]
                ]))))
, SoftBreak
, Comment
, SoftBreak
, Comment
, Code
    "typ/visualize/image-01.typ"
    ( line 5 , column 2 )
    (FuncCall
       (Ident (Identifier "box"))
       [ NormalArg
           (FuncCall
              (Ident (Identifier "image"))
              [ NormalArg (Literal (String "/assets/files/rhino.png"))
              , KeyValArg (Identifier "width") (Literal (Numeric 30.0 Pt))
              ])
       ])
, SoftBreak
, Code
    "typ/visualize/image-01.typ"
    ( line 6 , column 2 )
    (FuncCall
       (Ident (Identifier "box"))
       [ NormalArg
           (FuncCall
              (Ident (Identifier "image"))
              [ NormalArg (Literal (String "/assets/files/rhino.png"))
              , KeyValArg (Identifier "height") (Literal (Numeric 30.0 Pt))
              ])
       ])
, ParBreak
, Comment
, Code
    "typ/visualize/image-01.typ"
    ( line 9 , column 2 )
    (FuncCall
       (Ident (Identifier "image"))
       [ NormalArg (Literal (String "/assets/files/monkey.svg"))
       , KeyValArg (Identifier "width") (Literal (Numeric 100.0 Percent))
       , KeyValArg (Identifier "height") (Literal (Numeric 20.0 Pt))
       , KeyValArg (Identifier "fit") (Literal (String "stretch"))
       ])
, ParBreak
, Comment
, Code
    "typ/visualize/image-01.typ"
    ( line 12 , column 2 )
    (FuncCall
       (Ident (Identifier "align"))
       [ NormalArg
           (Plus (Ident (Identifier "bottom")) (Ident (Identifier "right")))
       , NormalArg
           (FuncCall
              (Ident (Identifier "image"))
              [ NormalArg (Literal (String "/assets/files/tiger.jpg"))
              , KeyValArg (Identifier "width") (Literal (Numeric 40.0 Pt))
              , KeyValArg (Identifier "alt") (Literal (String "A tiger"))
              ])
       ])
, ParBreak
]
--- evaluated ---
document(body: { text(body: [
]), 
                 text(body: [
]), 
                 box(body: image(path: "/assets/files/rhino.png", 
                                 width: 30.0pt)), 
                 text(body: [
]), 
                 box(body: image(height: 30.0pt, 
                                 path: "/assets/files/rhino.png")), 
                 parbreak(), 
                 image(fit: "stretch", 
                       height: 20.0pt, 
                       path: "/assets/files/monkey.svg", 
                       width: 100%), 
                 parbreak(), 
                 align(alignment: Axes(right, bottom), 
                       body: image(alt: "A tiger", 
                                   path: "/assets/files/tiger.jpg", 
                                   width: 40.0pt)), 
                 parbreak() })
