--- parse tree ---
[ Code
    "typ/regression/issue60.typ"
    ( line 1 , column 2 )
    (Let
       (BasicBind (Just (Identifier "test")))
       (FuncExpr
          [ NormalParam (Identifier "x") , NormalParam (Identifier "y") ]
          (Block
             (CodeBlock
                [ If
                    [ ( Equals (Ident (Identifier "x")) (Ident (Identifier "y"))
                      , Block (Content [ Text "\9989" ])
                      )
                    , ( Literal (Boolean True)
                      , Block
                          (Content
                             [ Text "\10060"
                             , Text "("
                             , Code
                                 "typ/regression/issue60.typ"
                                 ( line 1 , column 47 )
                                 (FuncCall
                                    (Ident (Identifier "repr"))
                                    [ NormalArg (Ident (Identifier "x")) ])
                             , Space
                             , Text "/"
                             , Text "="
                             , Space
                             , Code
                                 "typ/regression/issue60.typ"
                                 ( line 1 , column 59 )
                                 (FuncCall
                                    (Ident (Identifier "repr"))
                                    [ NormalArg (Ident (Identifier "y")) ])
                             , Text ")"
                             ])
                      )
                    ]
                ]))))
, SoftBreak
, Code
    "typ/regression/issue60.typ"
    ( line 2 , column 2 )
    (Import
       (Literal (String "addons/example.typ"))
       (SomeIdentifiers [ ( Identifier "utf8string" , Nothing ) ]))
, SoftBreak
, Code
    "typ/regression/issue60.typ"
    ( line 3 , column 2 )
    (Ident (Identifier "utf8string"))
, ParBreak
]
--- evaluated ---
document(body: { text(body: [
]), 
                 text(body: [
]), 
                 text(body: [Anything!
]), 
                 parbreak() })
