--- parse tree ---
[ Code
    "test/typ/regression/issue59.typ"
    ( line 1 , column 2 )
    (Let
       (BasicBind (Just (Identifier "test")))
       (FuncExpr
          [ NormalParam (Identifier "x") , NormalParam (Identifier "y") ]
          (Block
             (CodeBlock
                [ If
                    [ ( Equals (Ident (Identifier "x")) (Ident (Identifier "y"))
                      , Block (Content [ Text "\9989" ])
                      )
                    , ( Literal (Boolean True)
                      , Block
                          (Content
                             [ Text "\10060"
                             , Text "("
                             , Code
                                 "test/typ/regression/issue59.typ"
                                 ( line 1 , column 47 )
                                 (FuncCall
                                    (Ident (Identifier "repr"))
                                    [ NormalArg (Ident (Identifier "x")) ])
                             , Space
                             , Text "/"
                             , Text "="
                             , Space
                             , Code
                                 "test/typ/regression/issue59.typ"
                                 ( line 1 , column 59 )
                                 (FuncCall
                                    (Ident (Identifier "repr"))
                                    [ NormalArg (Ident (Identifier "y")) ])
                             , Text ")"
                             ])
                      )
                    ]
                ]))))
, SoftBreak
, Code
    "test/typ/regression/issue59.typ"
    ( line 2 , column 2 )
    (If
       [ ( Not (Equals (Literal (Int 5)) (Label "foo"))
         , Block (CodeBlock [ Block (Content [ Text "a" ]) ])
         )
       ])
, ParBreak
]
--- evaluated ---
document(body: { text(body: [
]), 
                 text(body: [a]), 
                 parbreak() })
