--- parse tree ---
[ Code
    "typ/math/syntax-00.typ"
    ( line 1 , column 2 )
    (Let
       (BasicBind (Just (Identifier "test")))
       (FuncExpr
          [ NormalParam (Identifier "x") , NormalParam (Identifier "y") ]
          (Block
             (CodeBlock
                [ If
                    [ ( Equals (Ident (Identifier "x")) (Ident (Identifier "y"))
                      , Block (Content [ Text "\9989" ])
                      )
                    , ( Literal (Boolean True)
                      , Block
                          (Content
                             [ Text "\10060"
                             , Text "("
                             , Code
                                 "typ/math/syntax-00.typ"
                                 ( line 1 , column 47 )
                                 (FuncCall
                                    (Ident (Identifier "repr"))
                                    [ NormalArg (Ident (Identifier "x")) ])
                             , Space
                             , Text "/"
                             , Text "="
                             , Space
                             , Code
                                 "typ/math/syntax-00.typ"
                                 ( line 1 , column 59 )
                                 (FuncCall
                                    (Ident (Identifier "repr"))
                                    [ NormalArg (Ident (Identifier "y")) ])
                             , Text ")"
                             ])
                      )
                    ]
                ]))))
, SoftBreak
, Comment
, Equation
    True
    [ MAttach
        (Just (MGroup Nothing Nothing [ Text "i" , Text "=" , Text "0" ]))
        (Just (Text "\8469"))
        (Text "\8721")
    , Text "a"
    , Text "\8728"
    , Text "b"
    , Text "="
    , MAttach
        (Just (MGroup Nothing Nothing [ Text "i" , Text "=" , Text "0" ]))
        (Just
           (Code
              "typ/math/syntax-00.typ"
              ( line 3 , column 36 )
              (Ident (Identifier "NN"))))
        (Text "\8721")
    , Text "a"
    , Code
        "typ/math/syntax-00.typ"
        ( line 3 , column 41 )
        (Ident (Identifier "compose"))
    , Text "b"
    ]
, ParBreak
]
--- evaluated ---
document(body: { text(body: [
]), 
                 math.equation(block: true, 
                               body: { math.attach(b: { text(body: [i]), 
                                                        text(body: [=]), 
                                                        text(body: [0]) }, 
                                                   base: text(body: [∑]), 
                                                   t: text(body: [ℕ])), 
                                       text(body: [a]), 
                                       text(body: [∘]), 
                                       text(body: [b]), 
                                       text(body: [=]), 
                                       math.attach(b: { text(body: [i]), 
                                                        text(body: [=]), 
                                                        text(body: [0]) }, 
                                                   base: text(body: [∑]), 
                                                   t: text(body: [ℕ])), 
                                       text(body: [a]), 
                                       text(body: [∘]), 
                                       text(body: [b]) }, 
                               numbering: none), 
                 parbreak() })
